
Memory Configuration

Name             Origin             Length             Attributes
*default*        0x00000000         0xffffffff

Linker script and memory map

LOAD build/jtag.o
LOAD build/framebuffer.o
LOAD build/drawHelper.o
LOAD build/snes.o
LOAD build/images.o
LOAD build/main.o
LOAD build/gameMenu.o
LOAD build/mainMenu.o
LOAD build/gameControls.o
LOAD build/drawGame.o

.init           0x00008000        0x4
 *(.init)
 .init          0x00008000        0x4 build/main.o
                0x00008000                _start

.data           0x00009080    0xd5800
 *(.data)
 .data          0x00009080        0x0 build/jtag.o
 .data          0x00009080       0x70 build/framebuffer.o
                0x000090e0                FrameBufferPointer
 .data          0x000090f0      0x800 build/drawHelper.o
 .data          0x000098f0        0x0 build/snes.o
 .data          0x000098f0    0xd48b0 build/images.o
                0x000098f0                marioR
                0x0000a0f8                marioL
                0x0000a900                marioD
                0x0000b108                bullet
                0x0000b910                goomba
                0x0000c118                koopa
                0x0000c920                brick
                0x0000d128                sky
                0x0000d930                marioJumpR
                0x0000e138                marioJumpL
                0x0000e940                ground
                0x0000f148                coinBlock
                0x0000f950                pipe
                0x00012958                cloud
                0x00015960                title
                0x000502e8                label1
                0x00054530                label2
                0x00057ff8                oneUp
                0x00058800                mushSel
                0x00059008                black
                0x00059810                flag
                0x00062818                scoreLabel
                0x00063ea0                coinLabel
                0x00064538                lifeLabel
                0x00065988                block
                0x00066190                winLabel
                0x000a2198                loseLabel
 .data          0x000de1a0       0x40 build/main.o
                0x000de1a0                IntTable
 .data          0x000de1e0       0x18 build/gameMenu.o
                0x000de1e0                startString
                0x000de1ed                quitString
 .data          0x000de1f8       0x24 build/mainMenu.o
                0x000de1f8                creators
 .data          0x000de21c        0x0 build/gameControls.o
 *fill*         0x000de21c        0x4 3f3f3f3f
 .data          0x000de220      0x660 build/drawGame.o
                0x000de220                gameMap1
                0x000de3b0                gameMap2
                0x000de540                gameMap3
                0x000de6d0                gameMap4
                0x000de860                currState
                0x000de864                marioPos
                0x000de866                goombaPos
                0x000de869                koopaPos
                0x000de86c                winCond
                0x000de86d                loseCond
                0x000de86e                lives
                0x000de86f                coins
                0x000de870                score
                0x000de874                mushroom
                0x000de875                pause
 *.c.o(*)

.igot.plt       0x000de880        0x0
 .igot.plt      0x00000000        0x0 build/jtag.o

.text           0x000de880     0x1618
 *.c.o(.text)
 *(.text)
 .text          0x000de880       0x8c build/jtag.o
                0x000de880                EnableJTAG
 .text          0x000de90c       0x80 build/framebuffer.o
                0x000de90c                InitFrameBuffer
 .text          0x000de98c      0x208 build/drawHelper.o
                0x000de98c                DrawPixel
                0x000de9a8                DrawGrid
                0x000dea04                ClearBox
                0x000dea70                DrawChar
                0x000deac8                DrawString
                0x000deb04                ToAscii
 .text          0x000deb94      0x15c build/snes.o
                0x000deb94                InitGPIO
                0x000dec58                Wait
                0x000dec78                ReadSNES
 .text          0x000decf0        0x0 build/images.o
 .text          0x000decf0      0x1ec build/main.o
                0x000ded04                FirstMenu
                0x000ded18                Restart
                0x000ded1c                Died
                0x000ded44                haltLoop$
                0x000ded48                InstallIntTable
                0x000ded80                Enable
                0x000dedc4                irq
 .text          0x000deedc      0x1e4 build/gameMenu.o
                0x000deedc                GameMenuControl
                0x000defe0                DrawGameMenu
 .text          0x000df0c0      0x178 build/mainMenu.o
                0x000df0c0                MainMenuControl
                0x000df188                DrawMainMenu
 .text          0x000df238      0x81c build/gameControls.o
                0x000df238                PlayControl
                0x000df2a4                MoveRight
                0x000df308                ScanSide
                0x000df370                ScanBelow
                0x000df3d8                ScanAbove
                0x000df478                MoveLeft
                0x000df4dc                MoveUp
                0x000df6b4                UpdateState
                0x000df754                IncreaseLives
                0x000df780                SetPauseOn
                0x000df794                SetPauseOff
                0x000df7a8                ClearValuePack
                0x000df7dc                RemoveLives
                0x000df800                UpdatePoints
                0x000df828                UpdateCoins
                0x000df858                DestroyEnemy
                0x000df8a0                UpdateLose
                0x000df8b8                UpdateWin
                0x000df8d8                MoveEnemy
 .text          0x000dfa54      0x444 build/drawGame.o
                0x000dfa54                DrawStage
                0x000dfbac                InitGame
                0x000dfca0                ResetCounts
                0x000dfccc                DrawMario
                0x000dfd14                MarioDead
                0x000dfd9c                GameOver
                0x000dfde0                DrawUpdate
OUTPUT(build/output.elf elf32-littlearm)

.glue_7         0x000dfe98        0x0
 .glue_7        0x00000000        0x0 linker stubs

.glue_7t        0x000dfe98        0x0
 .glue_7t       0x00000000        0x0 linker stubs

.vfp11_veneer   0x000dfe98        0x0
 .vfp11_veneer  0x00000000        0x0 linker stubs

.v4_bx          0x000dfe98        0x0
 .v4_bx         0x00000000        0x0 linker stubs

.iplt           0x000dfe98        0x0
 .iplt          0x00000000        0x0 build/jtag.o

.rel.dyn        0x000dfe98        0x0
 .rel.iplt      0x00000000        0x0 build/jtag.o

.bss            0x000dfe98        0x0
 .bss           0x000dfe98        0x0 build/jtag.o
 .bss           0x000dfe98        0x0 build/framebuffer.o
 .bss           0x000dfe98        0x0 build/drawHelper.o
 .bss           0x000dfe98        0x0 build/snes.o
 .bss           0x000dfe98        0x0 build/images.o
 .bss           0x000dfe98        0x0 build/main.o
 .bss           0x000dfe98        0x0 build/gameMenu.o
 .bss           0x000dfe98        0x0 build/mainMenu.o
 .bss           0x000dfe98        0x0 build/gameControls.o
 .bss           0x000dfe98        0x0 build/drawGame.o

.ARM.attributes
                0x00000000       0x29
 .ARM.attributes
                0x00000000       0x29 build/jtag.o
 .ARM.attributes
                0x00000029       0x29 build/framebuffer.o
 .ARM.attributes
                0x00000052       0x29 build/drawHelper.o
 .ARM.attributes
                0x0000007b       0x29 build/snes.o
 .ARM.attributes
                0x000000a4       0x29 build/images.o
 .ARM.attributes
                0x000000cd       0x29 build/main.o
 .ARM.attributes
                0x000000f6       0x29 build/gameMenu.o
 .ARM.attributes
                0x0000011f       0x29 build/mainMenu.o
 .ARM.attributes
                0x00000148       0x29 build/gameControls.o
 .ARM.attributes
                0x00000171       0x29 build/drawGame.o

.debug_line     0x00000000      0x8b5
 .debug_line    0x00000000       0x61 build/jtag.o
 .debug_line    0x00000061       0x67 build/framebuffer.o
 .debug_line    0x000000c8       0xd6 build/drawHelper.o
 .debug_line    0x0000019e       0xa3 build/snes.o
 .debug_line    0x00000241       0xf4 build/main.o
 .debug_line    0x00000335       0xc8 build/gameMenu.o
 .debug_line    0x000003fd       0xa9 build/mainMenu.o
 .debug_line    0x000004a6      0x29b build/gameControls.o
 .debug_line    0x00000741      0x174 build/drawGame.o

.debug_info     0x00000000      0x36b
 .debug_info    0x00000000       0x5e build/jtag.o
 .debug_info    0x0000005e       0x65 build/framebuffer.o
 .debug_info    0x000000c3       0x64 build/drawHelper.o
 .debug_info    0x00000127       0x5e build/snes.o
 .debug_info    0x00000185       0x5a build/main.o
 .debug_info    0x000001df       0x62 build/gameMenu.o
 .debug_info    0x00000241       0x62 build/mainMenu.o
 .debug_info    0x000002a3       0x66 build/gameControls.o
 .debug_info    0x00000309       0x62 build/drawGame.o

.debug_abbrev   0x00000000       0xb2
 .debug_abbrev  0x00000000       0x14 build/jtag.o
 .debug_abbrev  0x00000014       0x14 build/framebuffer.o
 .debug_abbrev  0x00000028       0x14 build/drawHelper.o
 .debug_abbrev  0x0000003c       0x14 build/snes.o
 .debug_abbrev  0x00000050       0x12 build/main.o
 .debug_abbrev  0x00000062       0x14 build/gameMenu.o
 .debug_abbrev  0x00000076       0x14 build/mainMenu.o
 .debug_abbrev  0x0000008a       0x14 build/gameControls.o
 .debug_abbrev  0x0000009e       0x14 build/drawGame.o

.debug_aranges  0x00000000      0x130
 .debug_aranges
                0x00000000       0x20 build/jtag.o
 .debug_aranges
                0x00000020       0x20 build/framebuffer.o
 .debug_aranges
                0x00000040       0x20 build/drawHelper.o
 .debug_aranges
                0x00000060       0x20 build/snes.o
 .debug_aranges
                0x00000080       0x30 build/main.o
 .debug_aranges
                0x000000b0       0x20 build/gameMenu.o
 .debug_aranges
                0x000000d0       0x20 build/mainMenu.o
 .debug_aranges
                0x000000f0       0x20 build/gameControls.o
 .debug_aranges
                0x00000110       0x20 build/drawGame.o

.debug_ranges   0x00000000       0x28
 .debug_ranges  0x00000000       0x28 build/main.o
